=== RUN   TestMTUCheck
2023/11/16 06:40:59 MTU is set to 9000 for compute node
--- PASS: TestMTUCheck (0.53s)
PASS
ok  	command-line-arguments	0.529s
